
> justmine-concert-platform@0.1.0 typecheck
> tsc --noEmit

app/(dashboard)/organizer/page.tsx(60,21): error TS2339: Property 'forEach' does not exist on type 'never'.
app/(dashboard)/organizer/page.tsx(60,29): error TS7006: Parameter 'ticket' implicitly has an 'any' type.
app/api/auth/register/route.ts(54,26): error TS2339: Property 'schema' does not exist on type 'NodePgDatabase<{ users: PgTableWithColumns<{ name: "users"; schema: undefined; columns: { id: PgColumn<{ name: "id"; tableName: "users"; dataType: "string"; columnType: "PgUUID"; data: string; driverParam: string; notNull: true; hasDefault: true; enumValues: undefined; baseColumn: never; }, {}, {}>; ... 6 more ...; ...'.
app/api/events/[id]/route.ts(25,19): error TS7006: Parameter 'tickets' implicitly has an 'any' type.
app/api/events/[id]/route.ts(25,30): error TS7031: Binding element 'eq' implicitly has an 'any' type.
app/api/events/[id]/route.ts(25,34): error TS7031: Binding element 'and' implicitly has an 'any' type.
app/api/events/[id]/route.ts(51,29): error TS2339: Property 'id' does not exist on type 'never'.
app/api/events/[id]/route.ts(52,43): error TS2339: Property 'organizationName' does not exist on type 'never'.
app/api/events/[id]/route.ts(54,30): error TS2339: Property 'map' does not exist on type 'never'.
app/api/events/[id]/route.ts(54,34): error TS7006: Parameter 't' implicitly has an 'any' type.
app/api/orders/list/route.ts(42,31): error TS2339: Property 'title' does not exist on type 'never'.
app/api/orders/list/route.ts(43,26): error TS2339: Property 'venue' does not exist on type 'never'.
app/api/orders/list/route.ts(44,25): error TS2339: Property 'city' does not exist on type 'never'.
app/api/orders/list/route.ts(49,26): error TS2339: Property 'map' does not exist on type 'never'.
app/api/orders/list/route.ts(49,30): error TS7006: Parameter 'item' implicitly has an 'any' type.
app/api/orders/list/route.ts(53,34): error TS7006: Parameter 'h' implicitly has an 'any' type.
app/api/orders/route.ts(34,11): error TS7034: Variable 'ticketValidations' implicitly has type 'any[]' in some locations where its type cannot be determined.
app/api/orders/route.ts(69,11): error TS2488: Type '{ id: string; createdAt: Date; userId: string; status: "cancelled" | "pending" | "paid" | "refunded"; eventId: string; totalAmount: any; paymentMethod: string | null; paymentId: string | null; paidAt: Date | null; }' must have a '[Symbol.iterator]()' method that returns an iterator.
app/api/orders/route.ts(74,11): error TS2769: No overload matches this call.
  Overload 1 of 2, '(value: { userId: string | SQL<unknown> | Placeholder<string, any>; eventId: string | SQL<unknown> | Placeholder<string, any>; totalAmount: any; id?: string | SQL<...> | Placeholder<...> | undefined; ... 4 more ...; paidAt?: SQL<...> | ... 3 more ... | undefined; }): PgInsertBase<...>', gave the following error.
    Type 'null' is not assignable to type 'string | SQL<unknown> | Placeholder<string, any>'.
  Overload 2 of 2, '(values: { userId: string | SQL<unknown> | Placeholder<string, any>; eventId: string | SQL<unknown> | Placeholder<string, any>; totalAmount: any; id?: string | SQL<...> | Placeholder<...> | undefined; ... 4 more ...; paidAt?: SQL<...> | ... 3 more ... | undefined; }[]): PgInsertBase<...>', gave the following error.
    Object literal may only specify known properties, and 'userId' does not exist in type '{ userId: string | SQL<unknown> | Placeholder<string, any>; eventId: string | SQL<unknown> | Placeholder<string, any>; totalAmount: any; id?: string | SQL<...> | Placeholder<...> | undefined; ... 4 more ...; paidAt?: SQL<...> | ... 3 more ... | undefined; }[]'.
app/api/orders/route.ts(83,43): error TS7005: Variable 'ticketValidations' implicitly has an 'any[]' type.
app/api/orders/route.ts(103,24): error TS7005: Variable 'ticketValidations' implicitly has an 'any[]' type.
app/checkout/success/page.tsx(67,63): error TS2339: Property 'title' does not exist on type 'never'.
app/checkout/success/page.tsx(72,37): error TS2339: Property 'startDate' does not exist on type 'never'.
app/checkout/success/page.tsx(87,24): error TS2339: Property 'map' does not exist on type 'never'.
app/checkout/success/page.tsx(87,29): error TS7006: Parameter 'item' implicitly has an 'any' type.
components/layout/Sidebar.tsx(44,17): error TS18048: 'user' is possibly 'undefined'.
components/layout/Sidebar.tsx(94,14): error TS18048: 'user' is possibly 'undefined'.
components/layout/Sidebar.tsx(103,18): error TS18048: 'user' is possibly 'undefined'.
components/layout/Sidebar.tsx(103,31): error TS18048: 'user' is possibly 'undefined'.
components/layout/Sidebar.tsx(106,18): error TS18048: 'user' is possibly 'undefined'.
lib/schema.ts(50,10): error TS2304: Cannot find name 'real'.
lib/schema.ts(64,16): error TS2304: Cannot find name 'real'.
lib/schema.ts(77,14): error TS2304: Cannot find name 'real'.
lib/schema.ts(78,13): error TS2304: Cannot find name 'real'.
lib/schema.ts(97,11): error TS2304: Cannot find name 'real'.
scripts/seed.ts(76,5): error TS2554: Expected 1 arguments, but got 3.
scripts/seed.ts(107,5): error TS2554: Expected 1 arguments, but got 2.
